[19:00:41.105] [Agent:StagePersonaBinding] Persona skill "execution-persona" not registered; skipping swap
[19:00:51.102] [Agent:StagePersonaBinding] Persona skill "execution-persona" not registered; skipping swap
[19:00:55.012] [Agent:StagePersonaBinding] Persona skill "execution-persona" not registered; skipping swap
[19:00:57.884] [Agent:StagePersonaBinding] Persona skill "execution-persona" not registered; skipping swap
[19:01:13.435] [Agent:StagePersonaBinding] Persona skill "execution-persona" not registered; skipping swap
[19:01:32.825] [Agent:StagePersonaBinding] Persona skill "execution-persona" not registered; skipping swap
[19:02:45.577] [Agent:SkillLoader] Skill validation warnings {
  skillName: "tool-reading",
  warnings: "Missing SDD metadata field: version (recommended, semver string), Missing SDD metadata field: domain (recommended, e.g. \"cut\" / \"story\")",
}
[19:02:45.582] [Agent:SkillLoader] Skill validation warnings {
  skillName: "disabled-fixture",
  warnings: "Missing SDD metadata field: version (recommended, semver string), Missing SDD metadata field: domain (recommended, e.g. \"cut\" / \"story\")",
}
[19:02:45.582] [Agent:SkillLoader] Skill validation warnings {
  skillName: "strict-format",
  warnings: "Missing SDD metadata field: version (recommended, semver string), Missing SDD metadata field: domain (recommended, e.g. \"cut\" / \"story\")",
}
[19:02:45.597] [Agent:StagePersonaBinding] Persona skill "execution-persona" not registered; skipping swap
[19:02:50.253] [Agent:SkillLoader] Skill validation warnings {
  skillName: "tool-reading",
  warnings: "Missing SDD metadata field: version (recommended, semver string), Missing SDD metadata field: domain (recommended, e.g. \"cut\" / \"story\")",
}
[19:02:50.253] [Agent:SkillLoader] Skill validation warnings {
  skillName: "disabled-fixture",
  warnings: "Missing SDD metadata field: version (recommended, semver string), Missing SDD metadata field: domain (recommended, e.g. \"cut\" / \"story\")",
}
[19:02:50.253] [Agent:SkillLoader] Skill validation warnings {
  skillName: "strict-format",
  warnings: "Missing SDD metadata field: version (recommended, semver string), Missing SDD metadata field: domain (recommended, e.g. \"cut\" / \"story\")",
}
[19:02:50.262] [Agent:StagePersonaBinding] Persona skill "execution-persona" not registered; skipping swap
[19:03:18.140] [Agent:SkillLoader] Skill validation warnings {
  skillName: "tool-reading",
  warnings: "Missing SDD metadata field: version (recommended, semver string), Missing SDD metadata field: domain (recommended, e.g. \"cut\" / \"story\")",
}
[19:03:18.140] [Agent:SkillLoader] Skill validation warnings {
  skillName: "disabled-fixture",
  warnings: "Missing SDD metadata field: version (recommended, semver string), Missing SDD metadata field: domain (recommended, e.g. \"cut\" / \"story\")",
}
[19:03:18.141] [Agent:SkillLoader] Skill validation warnings {
  skillName: "strict-format",
  warnings: "Missing SDD metadata field: version (recommended, semver string), Missing SDD metadata field: domain (recommended, e.g. \"cut\" / \"story\")",
}
[19:03:18.164] [Agent:StagePersonaBinding] Persona skill "execution-persona" not registered; skipping swap
[19:03:21.355] [Agent:SkillLoader] Skill validation warnings {
  skillName: "tool-reading",
  warnings: "Missing SDD metadata field: version (recommended, semver string), Missing SDD metadata field: domain (recommended, e.g. \"cut\" / \"story\")",
}
[19:03:21.356] [Agent:SkillLoader] Skill validation warnings {
  skillName: "disabled-fixture",
  warnings: "Missing SDD metadata field: version (recommended, semver string), Missing SDD metadata field: domain (recommended, e.g. \"cut\" / \"story\")",
}
[19:03:21.356] [Agent:SkillLoader] Skill validation warnings {
  skillName: "strict-format",
  warnings: "Missing SDD metadata field: version (recommended, semver string), Missing SDD metadata field: domain (recommended, e.g. \"cut\" / \"story\")",
}
[19:03:21.361] [Agent:SkillLoader] Skill validation warnings {
  skillName: "tool-reading",
  warnings: "Missing SDD metadata field: version (recommended, semver string), Missing SDD metadata field: domain (recommended, e.g. \"cut\" / \"story\")",
}
[19:03:21.362] [Agent:SkillLoader] Skill validation warnings {
  skillName: "disabled-fixture",
  warnings: "Missing SDD metadata field: version (recommended, semver string), Missing SDD metadata field: domain (recommended, e.g. \"cut\" / \"story\")",
}
[19:03:21.363] [Agent:SkillLoader] Skill validation warnings {
  skillName: "strict-format",
  warnings: "Missing SDD metadata field: version (recommended, semver string), Missing SDD metadata field: domain (recommended, e.g. \"cut\" / \"story\")",
}
[19:03:21.380] [Agent:StagePersonaBinding] Persona skill "execution-persona" not registered; skipping swap
